Microchip MPLAB XC8 Compiler V2.30

Linker command line:

-W-3 --edf=C:\Program Files\Microchip\xc8\v2.30\pic\dat\en_msgs.txt -cn \
  -h+dist/default/debug\btl2.X.debug.sym \
  --cmf=dist/default/debug\btl2.X.debug.cmf -z -Q16F877A \
  -oC:\Users\dungc\AppData\Local\Temp\s1t4x2 --defsym=__MPLAB_BUILD=1 \
  -Mdist/default/debug/btl2.X.debug.map -E1 -ver=XC8 Compiler --acfsm=1493 \
  -ASTACK=0110h-016Fh -pstack=STACK -ACODE=00h-07FFhx3,01800h-01EFFh \
  -ASTRCODE=00h-01EFFh -ASTRING=00h-0FFhx31 -ACONST=00h-0FFhx31 \
  -AENTRY=00h-0FFhx31 -ACOMMON=071h-07Fh -ABANK0=020h-06Fh \
  -ABANK1=0A0h-0EFh -ABANK2=0110h-016Fh -ABANK3=0190h-01E4h \
  -ARAM=020h-06Fh,0A0h-0EFh,0110h-016Fh,0190h-01E4h \
  -AABS1=020h-07Fh,0A0h-0EFh,0110h-016Fh,0190h-01EFh -ASFR0=00h-01Fh \
  -ASFR1=080h-09Fh -ASFR2=0100h-010Fh -ASFR3=0180h-018Fh \
  -ACONFIG=02007h-02007h -DCONFIG=2 -AIDLOC=02000h-02003h -DIDLOC=2 \
  -AEEDATA=00h-0FFh/02100h -peeprom_data=EEDATA -DEEDATA=2 -DCODE=2 \
  -DSTRCODE=2 -DSTRING=2 -DCONST=2 -DENTRY=2 \
  -preset_vec=00h,intentry=04h,init,end_init -ppowerup=CODE -pcinit=CODE \
  -pfunctab=ENTRY -k C:\Users\dungc\AppData\Local\Temp\s1t4xb.o \
  dist/default/debug\btl2.X.debug.o 

Object code version is 3.11

Machine type is 16F877A



                Name                               Link     Load   Length Selector   Space Scale
C:\Users\dungc\AppData\Local\Temp\s1t4xb.o
                end_init                             12       12        3        8       0
                reset_vec                             0        0        4        0       0
                config                             2007     2007        1        0       4
dist/default/debug\btl2.X.debug.o
                cinit                               7EF      7EF       11      FDE       0
                intentry                              4        4        E        8       0
                config                             2007     2007        1        0       4
                text14                              396      396        C      72C       0
                text13                              3F1      3F1       25      7E2       0
                text12                              416      416       27      82C       0
                text11                              38D      38D        9      71A       0
                text10                              464      464       2E      8C8       0
                text9                               3D0      3D0       21      7A0       0
                text8                               3B4      3B4       1C      768       0
                text7                               501      501       63      A02       0
                text6                               4C4      4C4       3D      988       0
                text5                               492      492       32      924       0
                text4                               3A2      3A2       12      744       0
                text3                               564      564       9D      AC8       0
                text2                               601      601       DD      C02       0
                text1                               43D      43D       27      87A       0
                maintext                            6DE      6DE      111      DBC       0
                cstackBANK0                          20       20       2F       20       1
                cstackCOMMON                         71       71        8       71       1
                clrtext                             385      385        8      70A       0
                bssBANK0                             4F       4F       16       20       1
                bssCOMMON                            79       79        4       71       1
                strings                              15       15       19       2A       0

TOTAL           Name                               Link     Load   Length     Space
        CLASS   STACK          

        CLASS   CODE           
                end_init                             12       12        3         0
                cinit                               7EF      7EF       11         0
                intentry                              4        4        E         0
                reset_vec                             0        0        4         0
                text14                              396      396        C         0
                text13                              3F1      3F1       25         0
                text12                              416      416       27         0
                text11                              38D      38D        9         0
                text10                              464      464       2E         0
                text9                               3D0      3D0       21         0
                text8                               3B4      3B4       1C         0
                text7                               501      501       63         0
                text6                               4C4      4C4       3D         0
                text5                               492      492       32         0
                text4                               3A2      3A2       12         0
                text3                               564      564       9D         0
                text2                               601      601       DD         0
                text1                               43D      43D       27         0
                maintext                            6DE      6DE      111         0
                clrtext                             385      385        8         0

        CLASS   STRCODE        

        CLASS   STRING         
                strings                              15       15       19         0

        CLASS   CONST          

        CLASS   ENTRY          

        CLASS   COMMON         
                cstackCOMMON                         71       71        8         1
                bssCOMMON                            79       79        4         1

        CLASS   BANK0          
                cstackBANK0                          20       20       2F         1
                bssBANK0                             4F       4F       16         1

        CLASS   BANK1          

        CLASS   BANK2          

        CLASS   BANK3          

        CLASS   RAM            

        CLASS   ABS1           
                abs_s1                               7E       7E        2         1

        CLASS   SFR0           

        CLASS   SFR1           

        CLASS   SFR2           

        CLASS   SFR3           

        CLASS   CONFIG         
                config                             2007     2007        1         4

        CLASS   IDLOC          

        CLASS   EEDATA         



SEGMENTS        Name                           Load    Length   Top    Selector   Space  Class     Delta

                reset_vec                      000000  000004  000004         0       0  CODE        2
                intentry                       000004  000011  000015         8       0  CODE        2
                cstackBANK0                    000020  000045  000065        20       1  BANK0       1
                strings                        000015  000019  00002E        2A       0  STRING      2
                cstackCOMMON                   000071  00000C  00007D        71       1  COMMON      1
                clrtext                        000385  000008  00038D       70A       0  CODE        2
                text11                         00038D  000009  000396       71A       0  CODE        2
                text14                         000396  00000C  0003A2       72C       0  CODE        2
                text4                          0003A2  000012  0003B4       744       0  CODE        2
                text8                          0003B4  00001C  0003D0       768       0  CODE        2
                text9                          0003D0  000021  0003F1       7A0       0  CODE        2
                text13                         0003F1  000025  000416       7E2       0  CODE        2
                text12                         000416  000027  00043D       82C       0  CODE        2
                text1                          00043D  000027  000464       87A       0  CODE        2
                text10                         000464  00002E  000492       8C8       0  CODE        2
                text5                          000492  000032  0004C4       924       0  CODE        2
                text6                          0004C4  00003D  000501       988       0  CODE        2
                text7                          000501  000063  000564       A02       0  CODE        2
                text3                          000564  00009D  000601       AC8       0  CODE        2
                text2                          000601  0000DD  0006DE       C02       0  CODE        2
                maintext                       0006DE  000111  0007EF       DBC       0  CODE        2
                cinit                          0007EF  000011  000800       FDE       0  CODE        2


UNUSED ADDRESS RANGES

        Name                Unused          Largest block    Delta
        BANK0            0065-006F              B           1
        BANK1            00A0-00EF             50           1
        BANK2            0110-016F             60           1
        BANK3            0190-01E4             55           1
        CODE             002E-0384            357           2
                         0800-1EFF            800
        COMMON           007D-007D              1           1
        CONST            002E-0384            100           2
                         0800-1EFF            100
        EEDATA           2100-21FF            100           2
        ENTRY            002E-0384            100           2
                         0800-1EFF            100
        IDLOC            2000-2003              4           2
        RAM              0065-006F              B           1
                         00A0-00EF             50
                         0110-016F             60
                         0190-01E4             55
        SFR0             0000-001F             20           1
        SFR1             0080-009F             20           1
        SFR2             0100-010F             10           1
        SFR3             0180-018F             10           1
        STACK            0110-016F             60           1
        STRCODE          002E-0384            357           2
                         0800-1EFF           1700
        STRING           002E-0384            100           2
                         0800-1EFF            100

                                  Symbol Table

?_ADC_Read                 cstackBANK0  0020
?___aldiv                  cstackBANK0  0020
?___wmul                   cstackBANK0  0020
ADC_Read@channel           cstackBANK0  0024
Lcd_Cmd@a                  cstackBANK0  0023
Lcd_Port@a                 cstackBANK0  0020
Lcd_Write_Char@a           cstackBANK0  0024
Lcd_Write_Char@temp        cstackBANK0  0022
Lcd_Write_Char@y           cstackBANK0  0023
Lcd_Write_String@a         cstackBANK0  0025
Lcd_Write_String@i         cstackBANK0  0027
UART_Init@baudrate         cstackBANK0  002F
UART_Init@x                cstackBANK0  003F
UART_Write@data            cstackCOMMON 0071
UART_Write_Text@i          cstackCOMMON 0072
UART_Write_Text@text       cstackCOMMON 0074
_ADCON0                    (abs)        001F
_ADCON1                    (abs)        009F
_ADC_Initialize            text11       038D
_ADC_Read                  text10       0464
_ADRESH                    (abs)        001E
_ADRESL                    (abs)        009E
_BRGH                      (abs)        04C2
_CCP1CONbits               (abs)        0017
_CCP1X                     (abs)        00BD
_CCP1Y                     (abs)        00BC
_CCP2CONbits               (abs)        001D
_CCP2X                     (abs)        00ED
_CCP2Y                     (abs)        00EC
_CCPR1L                    (abs)        0015
_CCPR2L                    (abs)        001B
_CREN                      (abs)        00C4
_GO_nDONE                  (abs)        00FA
_INTCONbits                (abs)        000B
_ISR                       text12       0416
_Lcd_Cmd                   text8        03B4
_Lcd_Init                  text7        0501
_Lcd_Port                  text9        03D0
_Lcd_Write_Char            text6        04C4
_Lcd_Write_String          text5        0492
_OPTION_REGbits            (abs)        0081
_PORTC                     (abs)        0007
_PR2                       (abs)        0092
_RCIF                      (abs)        0065
_RCREG                     (abs)        001A
_RD0                       (abs)        0040
_RD1                       (abs)        0041
_RD2                       (abs)        0042
_RD4                       (abs)        0044
_RD5                       (abs)        0045
_RD6                       (abs)        0046
_RD7                       (abs)        0047
_SPBRG                     (abs)        0099
_SPEN                      (abs)        00C7
_SYNC                      (abs)        04C4
_T2CONbits                 (abs)        0012
_TMR0                      (abs)        0001
_TMR0_Unit                 text4        03A2
_TRISB1                    (abs)        0431
_TRISC                     (abs)        0087
_TRISC6                    (abs)        043E
_TRISC7                    (abs)        043F
_TRISCbits                 (abs)        0087
_TRISD                     (abs)        0088
_TRMT                      (abs)        04C1
_TXEN                      (abs)        04C5
_TXREG                     (abs)        0019
_UART_Init                 text2        0601
_UART_Write                text14       0396
_UART_Write_Text           text13       03F1
__Habs1                    abs1         0000
__Hbank0                   bank0        0000
__Hbank1                   bank1        0000
__Hbank2                   bank2        0000
__Hbank3                   bank3        0000
__HbssBANK0                bssBANK0     0000
__HbssCOMMON               bssCOMMON    0000
__Hcinit                   cinit        0800
__Hclrtext                 clrtext      0000
__Hcode                    code         0000
__Hcommon                  common       0000
__Hconfig                  config       2008
__HcstackBANK0             cstackBANK0  0000
__HcstackCOMMON            cstackCOMMON 0000
__Heeprom_data             eeprom_data  0000
__Hend_init                end_init     0015
__Hfunctab                 functab      0000
__Hinit                    init         0012
__Hintentry                intentry     0012
__Hmaintext                maintext     0000
__Hpowerup                 powerup      0000
__Hram                     ram          0000
__Hreset_vec               reset_vec    0004
__Hsfr0                    sfr0         0000
__Hsfr1                    sfr1         0000
__Hsfr2                    sfr2         0000
__Hsfr3                    sfr3         0000
__Hspace_0                 (abs)        0800
__Hspace_1                 (abs)        007D
__Hspace_2                 (abs)        0000
__Hspace_3                 (abs)        0000
__Hspace_4                 (abs)        400F
__Hstack                   stack        0000
__Hstrings                 strings      0000
__Htext                    text         0000
__Labs1                    abs1         0000
__Lbank0                   bank0        0000
__Lbank1                   bank1        0000
__Lbank2                   bank2        0000
__Lbank3                   bank3        0000
__LbssBANK0                bssBANK0     0000
__LbssCOMMON               bssCOMMON    0000
__Lcinit                   cinit        07EF
__Lclrtext                 clrtext      0000
__Lcode                    code         0000
__Lcommon                  common       0000
__Lconfig                  config       0000
__LcstackBANK0             cstackBANK0  0000
__LcstackCOMMON            cstackCOMMON 0000
__Leeprom_data             eeprom_data  0000
__Lend_init                end_init     0012
__Lfunctab                 functab      0000
__Linit                    init         0012
__Lintentry                intentry     0004
__Lmaintext                maintext     0000
__Lpowerup                 powerup      0000
__Lram                     ram          0000
__Lreset_vec               reset_vec    0000
__Lsfr0                    sfr0         0000
__Lsfr1                    sfr1         0000
__Lsfr2                    sfr2         0000
__Lsfr3                    sfr3         0000
__Lspace_0                 (abs)        0000
__Lspace_1                 (abs)        0000
__Lspace_2                 (abs)        0000
__Lspace_3                 (abs)        0000
__Lspace_4                 (abs)        0000
__Lstack                   stack        0000
__Lstrings                 strings      0000
__Ltext                    text         0000
__S0                       (abs)        0800
__S1                       (abs)        007D
__S2                       (abs)        0000
__S3                       (abs)        0000
___aldiv                   text3        0564
___aldiv@counter           cstackBANK0  0029
___aldiv@dividend          cstackBANK0  0024
___aldiv@divisor           cstackBANK0  0020
___aldiv@quotient          cstackBANK0  002B
___aldiv@sign              cstackBANK0  002A
___int_sp                  stack        0000
___latbits                 (abs)        0002
___sp                      stack        0000
___stackhi                 (abs)        0000
___stacklo                 (abs)        0000
___wmul                    text1        043D
___wmul@multiplicand       cstackBANK0  0022
___wmul@multiplier         cstackBANK0  0020
___wmul@product            cstackBANK0  0024
__end_of_ADC_Initialize    text11       0396
__end_of_ADC_Read          text10       0492
__end_of_ISR               text12       043D
__end_of_Lcd_Cmd           text8        03D0
__end_of_Lcd_Init          text7        0564
__end_of_Lcd_Port          text9        03F1
__end_of_Lcd_Write_Char    text6        0501
__end_of_Lcd_Write_String  text5        04C4
__end_of_TMR0_Unit         text4        03B4
__end_of_UART_Init         text2        06DE
__end_of_UART_Write        text14       03A2
__end_of_UART_Write_Text   text13       0416
__end_of___aldiv           text3        0601
__end_of___wmul            text1        0464
__end_of__initialization   cinit        07FC
__end_of__stringtab        strings      0025
__end_of_main              maintext     07EF
__initialization           cinit        07EF
__pbssBANK0                bssBANK0     004F
__pbssCOMMON               bssCOMMON    0079
__pcstackBANK0             cstackBANK0  0020
__pcstackCOMMON            cstackCOMMON 0071
__pintentry                intentry     0004
__pmaintext                maintext     06DE
__pstrings                 strings      0015
__ptext1                   text1        043D
__ptext10                  text10       0464
__ptext11                  text11       038D
__ptext12                  text12       0416
__ptext13                  text13       03F1
__ptext14                  text14       0396
__ptext2                   text2        0601
__ptext3                   text3        0564
__ptext4                   text4        03A2
__ptext5                   text5        0492
__ptext6                   text6        04C4
__ptext7                   text7        0501
__ptext8                   text8        03B4
__ptext9                   text9        03D0
__size_of_ADC_Initialize   (abs)        0000
__size_of_ADC_Read         (abs)        0000
__size_of_ISR              (abs)        0000
__size_of_Lcd_Cmd          (abs)        0000
__size_of_Lcd_Init         (abs)        0000
__size_of_Lcd_Port         (abs)        0000
__size_of_Lcd_Write_Char   (abs)        0000
__size_of_Lcd_Write_String (abs)        0000
__size_of_TMR0_Unit        (abs)        0000
__size_of_UART_Init        (abs)        0000
__size_of_UART_Write       (abs)        0000
__size_of_UART_Write_Text  (abs)        0000
__size_of___aldiv          (abs)        0000
__size_of___wmul           (abs)        0000
__size_of_main             (abs)        0000
__stringbase               strings      0024
__stringtab                strings      0015
_count                     bssCOMMON    0079
_freq                      bssBANK0     0061
_main                      maintext     06DE
btemp                      (abs)        007E
clear_ram0                 clrtext      0385
end_of_initialization      cinit        07FC
interrupt_function         intentry     0004
intlevel0                  functab      0000
intlevel1                  functab      0000
intlevel2                  functab      0000
intlevel3                  functab      0000
intlevel4                  functab      0000
intlevel5                  functab      0000
main@dem                   cstackBANK0  004D
main@joy_X                 cstackBANK0  0048
main@joy_Y                 cstackBANK0  004A
main@vitri                 cstackBANK0  004C
main@x                     cstackBANK0  0044
main@y                     cstackBANK0  0046
reset_vec                  reset_vec    0000
saved_w                    (abs)        007E
start                      init         0012
start_initialization       cinit        07EF
wtemp0                     (abs)        007E


FUNCTION INFORMATION:

 *************** function _main *****************
 Defined at:
		line 14 in file "Mainprj2.c"
 Parameters:    Size  Location     Type
		None
 Auto vars:     Size  Location     Type
  dem             2   45[BANK0 ] int 
  joy_Y           2   42[BANK0 ] int 
  joy_X           2   40[BANK0 ] int 
  y               2   38[BANK0 ] int 
  x               2   36[BANK0 ] int 
  vitri           1   44[BANK0 ] unsigned char 
 Return value:  Size  Location     Type
                  1    wreg      void 
 Registers used:
		wreg, fsr0l, fsr0h, status,2, status,0, btemp+1, pclath, cstack
 Tracked objects:
		On entry : 
		On exit  : 
		Unchanged: 
 Data sizes:     COMMON   BANK0   BANK1   BANK3   BANK2
      Params:         0       0       0       0       0
      Locals:         0      11       0       0       0
      Temps:          0       3       0       0       0
      Totals:         0      14       0       0       0
Total ram usage:       14 bytes
 Hardware stack levels required when called:    6
 This function calls:
		_ADC_Initialize
		_ADC_Read
		_Lcd_Init
		_Lcd_Write_String
		_TMR0_Unit
		_UART_Init
		___wmul
 This function is called by:
		Startup code after reset
 This function uses a non-reentrant model


 *************** function ___wmul *****************
 Defined at:
		line 15 in file "C:\Program Files\Microchip\xc8\v2.30\pic\sources\c90\common\Umul16.c"
 Parameters:    Size  Location     Type
  multiplier      2    0[BANK0 ] unsigned int 
  multiplicand    2    2[BANK0 ] unsigned int 
 Auto vars:     Size  Location     Type
  product         2    4[BANK0 ] unsigned int 
 Return value:  Size  Location     Type
                  2    0[BANK0 ] unsigned int 
 Registers used:
		wreg, status,2, status,0
 Tracked objects:
		On entry : 
		On exit  : 
		Unchanged: 
 Data sizes:     COMMON   BANK0   BANK1   BANK3   BANK2
      Params:         0       4       0       0       0
      Locals:         0       2       0       0       0
      Temps:          0       0       0       0       0
      Totals:         0       6       0       0       0
Total ram usage:        6 bytes
 Hardware stack levels used:    1
 Hardware stack levels required when called:    3
 This function calls:
		Nothing
 This function is called by:
		_main
		_Joystick
 This function uses a non-reentrant model


 *************** function _UART_Init *****************
 Defined at:
		line 1 in file "./Uart.h"
 Parameters:    Size  Location     Type
  baudrate        4   15[BANK0 ] const long 
 Auto vars:     Size  Location     Type
  x               2   31[BANK0 ] unsigned int 
 Return value:  Size  Location     Type
                  1    wreg      unsigned char 
 Registers used:
		wreg, status,2, status,0, pclath, cstack
 Tracked objects:
		On entry : 
		On exit  : 
		Unchanged: 
 Data sizes:     COMMON   BANK0   BANK1   BANK3   BANK2
      Params:         0       4       0       0       0
      Locals:         0       2       0       0       0
      Temps:          0      12       0       0       0
      Totals:         0      18       0       0       0
Total ram usage:       18 bytes
 Hardware stack levels used:    1
 Hardware stack levels required when called:    4
 This function calls:
		___aldiv
 This function is called by:
		_main
 This function uses a non-reentrant model


 *************** function ___aldiv *****************
 Defined at:
		line 5 in file "C:\Program Files\Microchip\xc8\v2.30\pic\sources\c90\common\aldiv.c"
 Parameters:    Size  Location     Type
  divisor         4    0[BANK0 ] long 
  dividend        4    4[BANK0 ] long 
 Auto vars:     Size  Location     Type
  quotient        4   11[BANK0 ] long 
  sign            1   10[BANK0 ] unsigned char 
  counter         1    9[BANK0 ] unsigned char 
 Return value:  Size  Location     Type
                  4    0[BANK0 ] long 
 Registers used:
		wreg, status,2, status,0
 Tracked objects:
		On entry : 
		On exit  : 
		Unchanged: 
 Data sizes:     COMMON   BANK0   BANK1   BANK3   BANK2
      Params:         0       8       0       0       0
      Locals:         0       6       0       0       0
      Temps:          0       1       0       0       0
      Totals:         0      15       0       0       0
Total ram usage:       15 bytes
 Hardware stack levels used:    1
 Hardware stack levels required when called:    3
 This function calls:
		Nothing
 This function is called by:
		_UART_Init
		_PWM_Max_Duty
		_PWM1_Init_Fre
		_PWM2_Init_Fre
 This function uses a non-reentrant model


 *************** function _TMR0_Unit *****************
 Defined at:
		line 5 in file "Timer.c"
 Parameters:    Size  Location     Type
		None
 Auto vars:     Size  Location     Type
		None
 Return value:  Size  Location     Type
                  1    wreg      void 
 Registers used:
		wreg
 Tracked objects:
		On entry : 
		On exit  : 
		Unchanged: 
 Data sizes:     COMMON   BANK0   BANK1   BANK3   BANK2
      Params:         0       0       0       0       0
      Locals:         0       0       0       0       0
      Temps:          0       0       0       0       0
      Totals:         0       0       0       0       0
Total ram usage:        0 bytes
 Hardware stack levels used:    1
 Hardware stack levels required when called:    3
 This function calls:
		Nothing
 This function is called by:
		_main
 This function uses a non-reentrant model


 *************** function _Lcd_Write_String *****************
 Defined at:
		line 101 in file "Lcd.c"
 Parameters:    Size  Location     Type
  a               2    5[BANK0 ] PTR unsigned char 
		 -> STR_7(2), STR_4(2), RAM(512), 
 Auto vars:     Size  Location     Type
  i               2    7[BANK0 ] int 
 Return value:  Size  Location     Type
                  1    wreg      void 
 Registers used:
		wreg, fsr0l, fsr0h, status,2, status,0, btemp+1, pclath, cstack
 Tracked objects:
		On entry : 
		On exit  : 
		Unchanged: 
 Data sizes:     COMMON   BANK0   BANK1   BANK3   BANK2
      Params:         0       2       0       0       0
      Locals:         0       2       0       0       0
      Temps:          0       0       0       0       0
      Totals:         0       4       0       0       0
Total ram usage:        4 bytes
 Hardware stack levels used:    1
 Hardware stack levels required when called:    5
 This function calls:
		_Lcd_Write_Char
 This function is called by:
		_main
		_Lcd_Time
 This function uses a non-reentrant model


 *************** function _Lcd_Write_Char *****************
 Defined at:
		line 85 in file "Lcd.c"
 Parameters:    Size  Location     Type
  a               1    wreg     unsigned char 
 Auto vars:     Size  Location     Type
  a               1    4[BANK0 ] unsigned char 
  y               1    3[BANK0 ] unsigned char 
  temp            1    2[BANK0 ] unsigned char 
 Return value:  Size  Location     Type
                  1    wreg      void 
 Registers used:
		wreg, status,2, status,0, pclath, cstack
 Tracked objects:
		On entry : 
		On exit  : 
		Unchanged: 
 Data sizes:     COMMON   BANK0   BANK1   BANK3   BANK2
      Params:         0       0       0       0       0
      Locals:         0       3       0       0       0
      Temps:          0       1       0       0       0
      Totals:         0       4       0       0       0
Total ram usage:        4 bytes
 Hardware stack levels used:    1
 Hardware stack levels required when called:    4
 This function calls:
		_Lcd_Port
 This function is called by:
		_Lcd_Write_String
 This function uses a non-reentrant model


 *************** function _Lcd_Init *****************
 Defined at:
		line 66 in file "Lcd.c"
 Parameters:    Size  Location     Type
		None
 Auto vars:     Size  Location     Type
		None
 Return value:  Size  Location     Type
                  1    wreg      void 
 Registers used:
		wreg, status,2, status,0, pclath, cstack
 Tracked objects:
		On entry : 
		On exit  : 
		Unchanged: 
 Data sizes:     COMMON   BANK0   BANK1   BANK3   BANK2
      Params:         0       0       0       0       0
      Locals:         0       0       0       0       0
      Temps:          0       2       0       0       0
      Totals:         0       2       0       0       0
Total ram usage:        2 bytes
 Hardware stack levels used:    1
 Hardware stack levels required when called:    5
 This function calls:
		_Lcd_Cmd
		_Lcd_Port
 This function is called by:
		_main
 This function uses a non-reentrant model


 *************** function _Lcd_Cmd *****************
 Defined at:
		line 30 in file "Lcd.c"
 Parameters:    Size  Location     Type
  a               1    wreg     unsigned char 
 Auto vars:     Size  Location     Type
  a               1    3[BANK0 ] unsigned char 
 Return value:  Size  Location     Type
                  1    wreg      void 
 Registers used:
		wreg, status,2, status,0, pclath, cstack
 Tracked objects:
		On entry : 
		On exit  : 
		Unchanged: 
 Data sizes:     COMMON   BANK0   BANK1   BANK3   BANK2
      Params:         0       0       0       0       0
      Locals:         0       1       0       0       0
      Temps:          0       2       0       0       0
      Totals:         0       3       0       0       0
Total ram usage:        3 bytes
 Hardware stack levels used:    1
 Hardware stack levels required when called:    4
 This function calls:
		_Lcd_Port
 This function is called by:
		_Lcd_Init
		_Lcd_Clear
		_Lcd_Set_Cursor
		_Lcd_Shift_Right
		_Lcd_Shift_Left
 This function uses a non-reentrant model


 *************** function _Lcd_Port *****************
 Defined at:
		line 7 in file "Lcd.c"
 Parameters:    Size  Location     Type
  a               1    wreg     unsigned char 
 Auto vars:     Size  Location     Type
  a               1    0[BANK0 ] unsigned char 
 Return value:  Size  Location     Type
                  1    wreg      void 
 Registers used:
		wreg
 Tracked objects:
		On entry : 
		On exit  : 
		Unchanged: 
 Data sizes:     COMMON   BANK0   BANK1   BANK3   BANK2
      Params:         0       0       0       0       0
      Locals:         0       1       0       0       0
      Temps:          0       0       0       0       0
      Totals:         0       1       0       0       0
Total ram usage:        1 bytes
 Hardware stack levels used:    1
 Hardware stack levels required when called:    3
 This function calls:
		Nothing
 This function is called by:
		_Lcd_Cmd
		_Lcd_Init
		_Lcd_Write_Char
 This function uses a non-reentrant model


 *************** function _ADC_Read *****************
 Defined at:
		line 21 in file "Adc.c"
 Parameters:    Size  Location     Type
  channel         1    wreg     unsigned char 
 Auto vars:     Size  Location     Type
  channel         1    4[BANK0 ] unsigned char 
 Return value:  Size  Location     Type
                  2    0[BANK0 ] unsigned int 
 Registers used:
		wreg, status,2, status,0
 Tracked objects:
		On entry : 
		On exit  : 
		Unchanged: 
 Data sizes:     COMMON   BANK0   BANK1   BANK3   BANK2
      Params:         0       2       0       0       0
      Locals:         0       1       0       0       0
      Temps:          0       2       0       0       0
      Totals:         0       5       0       0       0
Total ram usage:        5 bytes
 Hardware stack levels used:    1
 Hardware stack levels required when called:    3
 This function calls:
		Nothing
 This function is called by:
		_main
		_Joystick
 This function uses a non-reentrant model


 *************** function _ADC_Initialize *****************
 Defined at:
		line 11 in file "Adc.c"
 Parameters:    Size  Location     Type
		None
 Auto vars:     Size  Location     Type
		None
 Return value:  Size  Location     Type
                  1    wreg      void 
 Registers used:
		wreg
 Tracked objects:
		On entry : 
		On exit  : 
		Unchanged: 
 Data sizes:     COMMON   BANK0   BANK1   BANK3   BANK2
      Params:         0       0       0       0       0
      Locals:         0       0       0       0       0
      Temps:          0       0       0       0       0
      Totals:         0       0       0       0       0
Total ram usage:        0 bytes
 Hardware stack levels used:    1
 Hardware stack levels required when called:    3
 This function calls:
		Nothing
 This function is called by:
		_main
 This function uses a non-reentrant model


 *************** function _ISR *****************
 Defined at:
		line 72 in file "Mainprj2.c"
 Parameters:    Size  Location     Type
		None
 Auto vars:     Size  Location     Type
		None
 Return value:  Size  Location     Type
                  1    wreg      void 
 Registers used:
		wreg, fsr0l, fsr0h, status,2, status,0, pclath, cstack
 Tracked objects:
		On entry : 
		On exit  : 
		Unchanged: 
 Data sizes:     COMMON   BANK0   BANK1   BANK3   BANK2
      Params:         0       0       0       0       0
      Locals:         0       0       0       0       0
      Temps:          4       0       0       0       0
      Totals:         4       0       0       0       0
Total ram usage:        4 bytes
 Hardware stack levels used:    1
 Hardware stack levels required when called:    2
 This function calls:
		_UART_Write_Text
 This function is called by:
		Interrupt level 1
 This function uses a non-reentrant model


 *************** function _UART_Write_Text *****************
 Defined at:
		line 32 in file "./Uart.h"
 Parameters:    Size  Location     Type
  text            1    wreg     PTR unsigned char 
		 -> STR_1(4), 
 Auto vars:     Size  Location     Type
  text            1    3[COMMON] PTR unsigned char 
		 -> STR_1(4), 
  i               2    1[COMMON] int 
 Return value:  Size  Location     Type
                  1    wreg      void 
 Registers used:
		wreg, fsr0l, fsr0h, status,2, status,0, pclath, cstack
 Tracked objects:
		On entry : 
		On exit  : 
		Unchanged: 
 Data sizes:     COMMON   BANK0   BANK1   BANK3   BANK2
      Params:         0       0       0       0       0
      Locals:         3       0       0       0       0
      Temps:          0       0       0       0       0
      Totals:         3       0       0       0       0
Total ram usage:        3 bytes
 Hardware stack levels used:    1
 Hardware stack levels required when called:    1
 This function calls:
		_UART_Write
 This function is called by:
		_ISR
 This function uses a non-reentrant model


 *************** function _UART_Write *****************
 Defined at:
		line 23 in file "./Uart.h"
 Parameters:    Size  Location     Type
  data            1    wreg     unsigned char 
 Auto vars:     Size  Location     Type
  data            1    0[COMMON] unsigned char 
 Return value:  Size  Location     Type
                  1    wreg      void 
 Registers used:
		wreg
 Tracked objects:
		On entry : 
		On exit  : 
		Unchanged: 
 Data sizes:     COMMON   BANK0   BANK1   BANK3   BANK2
      Params:         0       0       0       0       0
      Locals:         1       0       0       0       0
      Temps:          0       0       0       0       0
      Totals:         1       0       0       0       0
Total ram usage:        1 bytes
 Hardware stack levels used:    1
 This function calls:
		Nothing
 This function is called by:
		_UART_Write_Text
 This function uses a non-reentrant model



MODULE INFORMATION

Module		Function		Class		Link	Load	Size
Timer.c
		_TMR0_Unit     		CODE           	03A2	0000	18

Timer.c estimated size: 18

./Uart.h
		_UART_Init     		CODE           	0601	0000	221
		_UART_Write_Text		CODE           	03F1	0000	37
		_UART_Write    		CODE           	0396	0000	12

./Uart.h estimated size: 270

Adc.c
		_ADC_Initialize		CODE           	038D	0000	9
		_ADC_Read      		CODE           	0464	0000	46

Adc.c estimated size: 55

shared
		__stringtab    		STRING         	0015	0000	16
		__initialization		CODE           	07EF	0000	13

shared estimated size: 29

C:\Program Files\Microchip\xc8\v2.30\pic\sources\c90\common\Umul16.c
		___wmul        		CODE           	043D	0000	39

C:\Program Files\Microchip\xc8\v2.30\pic\sources\c90\common\Umul16.c estimated size: 39

C:\Program Files\Microchip\xc8\v2.30\pic\sources\c90\common\aldiv.c
		___aldiv       		CODE           	0564	0000	157

C:\Program Files\Microchip\xc8\v2.30\pic\sources\c90\common\aldiv.c estimated size: 157

Mainprj2.c
		_ISR           		CODE           	0416	0000	39
		_main          		CODE           	06DE	0000	273

Mainprj2.c estimated size: 312

Lcd.c
		_Lcd_Write_String		CODE           	0492	0000	50
		_Lcd_Init      		CODE           	0501	0000	99
		_Lcd_Write_Char		CODE           	04C4	0000	61
		_Lcd_Cmd       		CODE           	03B4	0000	28
		_Lcd_Port      		CODE           	03D0	0000	33

Lcd.c estimated size: 271

