Microchip MPLAB XC8 Compiler V2.30

Linker command line:

-W-3 --edf=C:\Program Files\Microchip\xc8\v2.30\pic\dat\en_msgs.txt -cn \
  -h+dist/default/production\btl2.X.production.sym \
  --cmf=dist/default/production\btl2.X.production.cmf -z -Q16F877A \
  -oC:\Users\dungc\AppData\Local\Temp\skscx2 --defsym=__MPLAB_BUILD=1 \
  -Mdist/default/production/btl2.X.production.map -E1 -ver=XC8 Compiler \
  --acfsm=1493 -ASTACK=0110h-016Fh -pstack=STACK -ACODE=00h-07FFhx4 \
  -ASTRCODE=00h-01FFFh -ASTRING=00h-0FFhx32 -ACONST=00h-0FFhx32 \
  -AENTRY=00h-0FFhx32 -ACOMMON=070h-07Fh -ABANK0=020h-06Fh \
  -ABANK1=0A0h-0EFh -ABANK2=0110h-016Fh -ABANK3=0190h-01EFh \
  -ARAM=020h-06Fh,0A0h-0EFh,0110h-016Fh,0190h-01EFh \
  -AABS1=020h-07Fh,0A0h-0EFh,0110h-016Fh,0190h-01EFh -ASFR0=00h-01Fh \
  -ASFR1=080h-09Fh -ASFR2=0100h-010Fh -ASFR3=0180h-018Fh \
  -ACONFIG=02007h-02007h -DCONFIG=2 -AIDLOC=02000h-02003h -DIDLOC=2 \
  -AEEDATA=00h-0FFh/02100h -peeprom_data=EEDATA -DEEDATA=2 -DCODE=2 \
  -DSTRCODE=2 -DSTRING=2 -DCONST=2 -DENTRY=2 \
  -preset_vec=00h,intentry=04h,init,end_init -ppowerup=CODE -pcinit=CODE \
  -pfunctab=ENTRY -k C:\Users\dungc\AppData\Local\Temp\skscxb.o \
  dist/default/production\btl2.X.production.o 

Object code version is 3.11

Machine type is 16F877A



                Name                               Link     Load   Length Selector   Space Scale
C:\Users\dungc\AppData\Local\Temp\skscxb.o
                end_init                              C        C        3        8       0
                reset_vec                             0        0        3        0       0
                config                             2007     2007        1        0       4
dist/default/production\btl2.X.production.o
                cinit                                 F        F       17        8       0
                intentry                              4        4        8        8       0
                maintext_split_1                     26       26      72E        8       0
                config                             2007     2007        1        0       4
                text13                              B82      B82       1B     1704       0
                text12                              B4D      B4D        9     169A       0
                text11                              BE3      BE3       2B     17C6       0
                text10                              B9D      B9D       21     173A       0
                text9                               B68      B68       1A     16D0       0
                text8                               C9F      C9F       5E     193E       0
                text7                               C47      C47       58     188E       0
                text6                               C0E      C0E       39     181C       0
                text5                               BBE      BBE       25     177C       0
                text4                               B56      B56       12     16AC       0
                text3                               754      754       9D        8       0
                text2                               CFD      CFD       DD     19FA       0
                text1                               7F1      7F1        C        8       0
                maintext                            DDA      DDA      226     1BB4       0
                cstackBANK0                          20       20       40       20       1
                cstackCOMMON                         70       70        A       70       1
                clrtext                             B45      B45        8     168A       0
                bssBANK1                             A0       A0        A       A0       1
                bssBANK0                             60       60        E       20       1
                bssCOMMON                            7A       7A        2       70       1
                strings                             800      800       70     1000       0

TOTAL           Name                               Link     Load   Length     Space
        CLASS   STACK          

        CLASS   CODE           
                end_init                              C        C        3         0
                cinit                                 F        F       17         0
                intentry                              4        4        8         0
                reset_vec                             0        0        3         0
                maintext_split_1                     26       26      72E         0
                text13                              B82      B82       1B         0
                text12                              B4D      B4D        9         0
                text11                              BE3      BE3       2B         0
                text10                              B9D      B9D       21         0
                text9                               B68      B68       1A         0
                text8                               C9F      C9F       5E         0
                text7                               C47      C47       58         0
                text6                               C0E      C0E       39         0
                text5                               BBE      BBE       25         0
                text4                               B56      B56       12         0
                text3                               754      754       9D         0
                text2                               CFD      CFD       DD         0
                text1                               7F1      7F1        C         0
                maintext                            DDA      DDA      226         0
                clrtext                             B45      B45        8         0

        CLASS   STRCODE        

        CLASS   STRING         
                strings                             800      800       70         0

        CLASS   CONST          

        CLASS   ENTRY          

        CLASS   COMMON         
                cstackCOMMON                         70       70        A         1
                bssCOMMON                            7A       7A        2         1

        CLASS   BANK0          
                cstackBANK0                          20       20       40         1
                bssBANK0                             60       60        E         1

        CLASS   BANK1          
                bssBANK1                             A0       A0        A         1

        CLASS   BANK2          

        CLASS   BANK3          

        CLASS   RAM            

        CLASS   ABS1           
                abs_s1                               7E       7E        2         1

        CLASS   SFR0           

        CLASS   SFR1           

        CLASS   SFR2           

        CLASS   SFR3           

        CLASS   CONFIG         
                config                             2007     2007        1         4

        CLASS   IDLOC          

        CLASS   EEDATA         



SEGMENTS        Name                           Load    Length   Top    Selector   Space  Class     Delta

                reset_vec                      000000  000003  000003         0       0  CODE        2
                intentry                       000004  0007F9  0007FD         8       0  CODE        2
                cstackBANK0                    000020  00004E  00006E        20       1  BANK0       1
                cstackCOMMON                   000070  00000C  00007C        70       1  COMMON      1
                bssBANK1                       0000A0  00000A  0000AA        A0       1  BANK1       1
                strings                        000800  000070  000870      1000       0  STRING      2
                clrtext                        000B45  000008  000B4D      168A       0  CODE        2
                text12                         000B4D  000009  000B56      169A       0  CODE        2
                text4                          000B56  000012  000B68      16AC       0  CODE        2
                text9                          000B68  00001A  000B82      16D0       0  CODE        2
                text13                         000B82  00001B  000B9D      1704       0  CODE        2
                text10                         000B9D  000021  000BBE      173A       0  CODE        2
                text5                          000BBE  000025  000BE3      177C       0  CODE        2
                text11                         000BE3  00002B  000C0E      17C6       0  CODE        2
                text6                          000C0E  000039  000C47      181C       0  CODE        2
                text7                          000C47  000058  000C9F      188E       0  CODE        2
                text8                          000C9F  00005E  000CFD      193E       0  CODE        2
                text2                          000CFD  0000DD  000DDA      19FA       0  CODE        2
                maintext                       000DDA  000226  001000      1BB4       0  CODE        2


UNUSED ADDRESS RANGES

        Name                Unused          Largest block    Delta
        BANK0            0006E-0006F               2           1
        BANK1            000AA-000EF              46           1
        BANK2            00110-0016F              60           1
        BANK3            00190-001EF              60           1
        CODE             00003-00003               1           2
                         007FD-007FF               3
                         00870-00B44             2D5
                         01000-01FFF             800
        COMMON           0007C-0007D               2           1
        CONST            00003-00003               1           2
                         007FD-007FF               3
                         00870-00B44             100
                         01000-01FFF             100
        EEDATA           02100-021FF             100           2
        ENTRY            00003-00003               1           2
                         007FD-007FF               3
                         00870-00B44             100
                         01000-01FFF             100
        IDLOC            02000-02003               4           2
        RAM              0006E-0006F               2           1
                         000AA-000EF              46
                         00110-0016F              60
                         00190-001EF              60
        SFR0             00000-0001F              20           1
        SFR1             00080-0009F              20           1
        SFR2             00100-0010F              10           1
        SFR3             00180-0018F              10           1
        STACK            00110-0016F              60           1
        STRCODE          00003-00003               1           2
                         007FD-007FF               3
                         00870-00B44             2D5
                         01000-01FFF            1000
        STRING           00003-00003               1           2
                         007FD-007FF               3
                         00870-00B44             100
                         01000-01FFF             100

                                  Symbol Table

?_ADC_Read                 cstackCOMMON     00072
?___aldiv                  cstackCOMMON     00072
ADC_Read@channel           cstackCOMMON     00076
Lcd_Cmd@a                  cstackCOMMON     00075
Lcd_Port@a                 cstackCOMMON     00072
Lcd_Set_Cursor@a           cstackBANK0      00020
Lcd_Set_Cursor@b           cstackCOMMON     00076
Lcd_Set_Cursor@temp        cstackBANK0      00023
Lcd_Set_Cursor@y           cstackBANK0      00022
Lcd_Set_Cursor@z           cstackBANK0      00021
Lcd_Write_Char@a           cstackCOMMON     00076
Lcd_Write_Char@temp        cstackCOMMON     00074
Lcd_Write_Char@y           cstackCOMMON     00075
Lcd_Write_String@a         cstackCOMMON     00079
Lcd_Write_String@i         cstackCOMMON     00077
UART_Init@baudrate         cstackBANK0      00027
UART_Init@x                cstackBANK0      00037
UART_Write@data            cstackCOMMON     00072
_ADCON0                    (abs)            0001F
_ADCON1                    (abs)            0009F
_ADC_Initialize            text12           00B4D
_ADC_Read                  text11           00BE3
_ADRESH                    (abs)            0001E
_ADRESL                    (abs)            0009E
_BRGH                      (abs)            004C2
_CCP1CONbits               (abs)            00017
_CCP1X                     (abs)            000BD
_CCP1Y                     (abs)            000BC
_CCP2CONbits               (abs)            0001D
_CCP2X                     (abs)            000ED
_CCP2Y                     (abs)            000EC
_CCPR1L                    (abs)            00015
_CCPR2L                    (abs)            0001B
_CREN                      (abs)            000C4
_GO_nDONE                  (abs)            000FA
_INTCONbits                (abs)            0000B
_ISR                       text13           00B82
_Lcd_Cmd                   text9            00B68
_Lcd_Init                  text8            00C9F
_Lcd_Port                  text10           00B9D
_Lcd_Set_Cursor            text7            00C47
_Lcd_Write_Char            text6            00C0E
_Lcd_Write_String          text5            00BBE
_OPTION_REGbits            (abs)            00081
_PORTC                     (abs)            00007
_PR2                       (abs)            00092
_RCIF                      (abs)            00065
_RCREG                     (abs)            0001A
_RD0                       (abs)            00040
_RD1                       (abs)            00041
_RD2                       (abs)            00042
_RD4                       (abs)            00044
_RD5                       (abs)            00045
_RD6                       (abs)            00046
_RD7                       (abs)            00047
_SPBRG                     (abs)            00099
_SPEN                      (abs)            000C7
_SYNC                      (abs)            004C4
_T2CONbits                 (abs)            00012
_TMR0                      (abs)            00001
_TMR0_Unit                 text4            00B56
_TRISB1                    (abs)            00431
_TRISC                     (abs)            00087
_TRISC6                    (abs)            0043E
_TRISC7                    (abs)            0043F
_TRISCbits                 (abs)            00087
_TRISD                     (abs)            00088
_TRMT                      (abs)            004C1
_TXEN                      (abs)            004C5
_TXREG                     (abs)            00019
_UART_Init                 text2            00CFD
_UART_Write                text1            007F1
__Habs1                    abs1             00000
__Hbank0                   bank0            00000
__Hbank1                   bank1            00000
__Hbank2                   bank2            00000
__Hbank3                   bank3            00000
__HbssBANK0                bssBANK0         00000
__HbssBANK1                bssBANK1         00000
__HbssCOMMON               bssCOMMON        00000
__Hcinit                   cinit            00026
__Hclrtext                 clrtext          00000
__Hcode                    code             00000
__Hcommon                  common           00000
__Hconfig                  config           02008
__HcstackBANK0             cstackBANK0      00000
__HcstackCOMMON            cstackCOMMON     00000
__Heeprom_data             eeprom_data      00000
__Hend_init                end_init         0000F
__Hfunctab                 functab          00000
__Hinit                    init             0000C
__Hintentry                intentry         0000C
__Hmaintext                maintext         00000
__Hmaintext_split_1        maintext_split_1 00000
__Hpowerup                 powerup          00000
__Hram                     ram              00000
__Hreset_vec               reset_vec        00003
__Hsfr0                    sfr0             00000
__Hsfr1                    sfr1             00000
__Hsfr2                    sfr2             00000
__Hsfr3                    sfr3             00000
__Hspace_0                 (abs)            01000
__Hspace_1                 (abs)            000AA
__Hspace_2                 (abs)            00000
__Hspace_3                 (abs)            00000
__Hspace_4                 (abs)            0400F
__Hstack                   stack            00000
__Hstrings                 strings          00000
__Htext                    text             00000
__Labs1                    abs1             00000
__Lbank0                   bank0            00000
__Lbank1                   bank1            00000
__Lbank2                   bank2            00000
__Lbank3                   bank3            00000
__LbssBANK0                bssBANK0         00000
__LbssBANK1                bssBANK1         00000
__LbssCOMMON               bssCOMMON        00000
__Lcinit                   cinit            0000F
__Lclrtext                 clrtext          00000
__Lcode                    code             00000
__Lcommon                  common           00000
__Lconfig                  config           00000
__LcstackBANK0             cstackBANK0      00000
__LcstackCOMMON            cstackCOMMON     00000
__Leeprom_data             eeprom_data      00000
__Lend_init                end_init         0000C
__Lfunctab                 functab          00000
__Linit                    init             0000C
__Lintentry                intentry         00004
__Lmaintext                maintext         00000
__Lmaintext_split_1        maintext_split_1 00000
__Lpowerup                 powerup          00000
__Lram                     ram              00000
__Lreset_vec               reset_vec        00000
__Lsfr0                    sfr0             00000
__Lsfr1                    sfr1             00000
__Lsfr2                    sfr2             00000
__Lsfr3                    sfr3             00000
__Lspace_0                 (abs)            00000
__Lspace_1                 (abs)            00000
__Lspace_2                 (abs)            00000
__Lspace_3                 (abs)            00000
__Lspace_4                 (abs)            00000
__Lstack                   stack            00000
__Lstrings                 strings          00000
__Ltext                    text             00000
__S0                       (abs)            01000
__S1                       (abs)            000AA
__S2                       (abs)            00000
__S3                       (abs)            00000
___aldiv                   text3            00754
___aldiv@counter           cstackBANK0      00021
___aldiv@dividend          cstackCOMMON     00076
___aldiv@divisor           cstackCOMMON     00072
___aldiv@quotient          cstackBANK0      00023
___aldiv@sign              cstackBANK0      00022
___int_sp                  stack            00000
___latbits                 (abs)            00002
___sp                      stack            00000
___stackhi                 (abs)            00000
___stacklo                 (abs)            00000
__end_of_ADC_Initialize    text12           00B56
__end_of_ADC_Read          text11           00C0E
__end_of_ISR               text13           00B9D
__end_of_Lcd_Cmd           text9            00B82
__end_of_Lcd_Init          text8            00CFD
__end_of_Lcd_Port          text10           00BBE
__end_of_Lcd_Set_Cursor    text7            00C9F
__end_of_Lcd_Write_Char    text6            00C47
__end_of_Lcd_Write_String  text5            00BE3
__end_of_TMR0_Unit         text4            00B68
__end_of_UART_Init         text2            00DDA
__end_of_UART_Write        text1            007FD
__end_of___aldiv           text3            007F1
__end_of__initialization   cinit            00022
__end_of__stringtab        strings          00806
__end_of_main              maintext_split_1 00754
__initialization           cinit            0000F
__pbssBANK0                bssBANK0         00060
__pbssBANK1                bssBANK1         000A0
__pbssCOMMON               bssCOMMON        0007A
__pcstackBANK0             cstackBANK0      00020
__pcstackCOMMON            cstackCOMMON     00070
__pintentry                intentry         00004
__pmaintext                maintext         00DDA
__pstrings                 strings          00800
__ptext1                   text1            007F1
__ptext10                  text10           00B9D
__ptext11                  text11           00BE3
__ptext12                  text12           00B4D
__ptext13                  text13           00B82
__ptext2                   text2            00CFD
__ptext3                   text3            00754
__ptext4                   text4            00B56
__ptext5                   text5            00BBE
__ptext6                   text6            00C0E
__ptext7                   text7            00C47
__ptext8                   text8            00C9F
__ptext9                   text9            00B68
__size_of_ADC_Initialize   (abs)            00000
__size_of_ADC_Read         (abs)            00000
__size_of_ISR              (abs)            00000
__size_of_Lcd_Cmd          (abs)            00000
__size_of_Lcd_Init         (abs)            00000
__size_of_Lcd_Port         (abs)            00000
__size_of_Lcd_Set_Cursor   (abs)            00000
__size_of_Lcd_Write_Char   (abs)            00000
__size_of_Lcd_Write_String (abs)            00000
__size_of_TMR0_Unit        (abs)            00000
__size_of_UART_Init        (abs)            00000
__size_of_UART_Write       (abs)            00000
__size_of___aldiv          (abs)            00000
__size_of_main             (abs)            00000
__stringbase               strings          00805
__stringtab                strings          00800
_count                     bssCOMMON        0007A
_freq                      bssBANK0         0006A
_main                      maintext         00DDA
btemp                      (abs)            0007E
clear_ram0                 clrtext          00B45
end_of_initialization      cinit            00022
interrupt_function         intentry         00004
intlevel0                  functab          00000
intlevel1                  functab          00000
intlevel2                  functab          00000
intlevel3                  functab          00000
intlevel4                  functab          00000
intlevel5                  functab          00000
main@dem                   cstackBANK0      00040
main@dongcua               cstackBANK0      00046
main@i                     cstackBANK0      00042
main@joy_X                 cstackBANK0      00056
main@joy_Y                 cstackBANK0      00058
main@len                   cstackBANK0      0004A
main@mocua                 cstackBANK0      00048
main@phai                  cstackBANK0      0005C
main@tinhnang              cstackBANK0      0005E
main@trai                  cstackBANK0      00044
main@trangthai             cstackBANK0      0005A
main@trangthaim1           cstackBANK0      00050
main@trangthaim2           cstackBANK0      00052
main@trangthaim3           cstackBANK0      00054
main@trangthaim4           cstackBANK0      0004E
main@xuong                 cstackBANK0      0004C
main@y                     cstackBANK0      0003E
pnum$maintext              (abs)            0000A
pnum$maintext_split_1      (abs)            0001A
psplit$0                   (abs)            A001A
reset_vec                  reset_vec        00000
saved_w                    (abs)            0007E
start                      init             0000C
start_initialization       cinit            0000F
wtemp0                     (abs)            0007E


FUNCTION INFORMATION:

 *************** function _main *****************
 Defined at:
		line 14 in file "Mainprj2.c"
 Parameters:    Size  Location     Type
		None
 Auto vars:     Size  Location     Type
  i               2   34[BANK0 ] int 
  joy_Y           2   56[BANK0 ] int 
  joy_X           2   54[BANK0 ] int 
  tinhnang        2   62[BANK0 ] int 
  phai            2   60[BANK0 ] int 
  trangthai       2   58[BANK0 ] int 
  trangthaim3     2   52[BANK0 ] int 
  trangthaim2     2   50[BANK0 ] int 
  trangthaim1     2   48[BANK0 ] int 
  trangthaim4     2   46[BANK0 ] int 
  xuong           2   44[BANK0 ] int 
  len             2   42[BANK0 ] int 
  mocua           2   40[BANK0 ] int 
  dongcua         2   38[BANK0 ] int 
  trai            2   36[BANK0 ] int 
  dem             2   32[BANK0 ] int 
  y               2   30[BANK0 ] int 
  x               2    0        int 
  vitri           1    0        unsigned char 
 Return value:  Size  Location     Type
                  1    wreg      void 
 Registers used:
		wreg, fsr0l, fsr0h, status,2, status,0, btemp+1, pclath, cstack
 Tracked objects:
		On entry : 
		On exit  : 
		Unchanged: 
 Data sizes:     COMMON   BANK0   BANK1   BANK3   BANK2
      Params:         0       0       0       0       0
      Locals:         0      36       0       0       0
      Temps:          0       3       0       0       0
      Totals:         0      39       0       0       0
Total ram usage:       39 bytes
 Hardware stack levels required when called:    4
 This function calls:
		_ADC_Initialize
		_ADC_Read
		_Lcd_Init
		_Lcd_Set_Cursor
		_Lcd_Write_String
		_TMR0_Unit
		_UART_Init
		_UART_Write
 This function is called by:
		Startup code after reset
 This function uses a non-reentrant model


 *************** function _UART_Write *****************
 Defined at:
		line 23 in file "./Uart.h"
 Parameters:    Size  Location     Type
  data            1    wreg     unsigned char 
 Auto vars:     Size  Location     Type
  data            1    2[COMMON] unsigned char 
 Return value:  Size  Location     Type
                  1    wreg      void 
 Registers used:
		wreg
 Tracked objects:
		On entry : 
		On exit  : 
		Unchanged: 
 Data sizes:     COMMON   BANK0   BANK1   BANK3   BANK2
      Params:         0       0       0       0       0
      Locals:         1       0       0       0       0
      Temps:          0       0       0       0       0
      Totals:         1       0       0       0       0
Total ram usage:        1 bytes
 Hardware stack levels used:    1
 Hardware stack levels required when called:    1
 This function calls:
		Nothing
 This function is called by:
		_main
		_UART_Write_Text
 This function uses a non-reentrant model


 *************** function _UART_Init *****************
 Defined at:
		line 1 in file "./Uart.h"
 Parameters:    Size  Location     Type
  baudrate        4    7[BANK0 ] const long 
 Auto vars:     Size  Location     Type
  x               2   23[BANK0 ] unsigned int 
 Return value:  Size  Location     Type
                  1    wreg      unsigned char 
 Registers used:
		wreg, status,2, status,0, pclath, cstack
 Tracked objects:
		On entry : 
		On exit  : 
		Unchanged: 
 Data sizes:     COMMON   BANK0   BANK1   BANK3   BANK2
      Params:         0       4       0       0       0
      Locals:         0       2       0       0       0
      Temps:          0      12       0       0       0
      Totals:         0      18       0       0       0
Total ram usage:       18 bytes
 Hardware stack levels used:    1
 Hardware stack levels required when called:    2
 This function calls:
		___aldiv
 This function is called by:
		_main
 This function uses a non-reentrant model


 *************** function ___aldiv *****************
 Defined at:
		line 5 in file "C:\Program Files\Microchip\xc8\v2.30\pic\sources\c90\common\aldiv.c"
 Parameters:    Size  Location     Type
  divisor         4    2[COMMON] long 
  dividend        4    6[COMMON] long 
 Auto vars:     Size  Location     Type
  quotient        4    3[BANK0 ] long 
  sign            1    2[BANK0 ] unsigned char 
  counter         1    1[BANK0 ] unsigned char 
 Return value:  Size  Location     Type
                  4    2[COMMON] long 
 Registers used:
		wreg, status,2, status,0
 Tracked objects:
		On entry : 
		On exit  : 
		Unchanged: 
 Data sizes:     COMMON   BANK0   BANK1   BANK3   BANK2
      Params:         8       0       0       0       0
      Locals:         0       6       0       0       0
      Temps:          0       1       0       0       0
      Totals:         8       7       0       0       0
Total ram usage:       15 bytes
 Hardware stack levels used:    1
 Hardware stack levels required when called:    1
 This function calls:
		Nothing
 This function is called by:
		_UART_Init
		_PWM_Max_Duty
		_PWM1_Init_Fre
		_PWM2_Init_Fre
 This function uses a non-reentrant model


 *************** function _TMR0_Unit *****************
 Defined at:
		line 5 in file "Timer.c"
 Parameters:    Size  Location     Type
		None
 Auto vars:     Size  Location     Type
		None
 Return value:  Size  Location     Type
                  1    wreg      void 
 Registers used:
		wreg
 Tracked objects:
		On entry : 
		On exit  : 
		Unchanged: 
 Data sizes:     COMMON   BANK0   BANK1   BANK3   BANK2
      Params:         0       0       0       0       0
      Locals:         0       0       0       0       0
      Temps:          0       0       0       0       0
      Totals:         0       0       0       0       0
Total ram usage:        0 bytes
 Hardware stack levels used:    1
 Hardware stack levels required when called:    1
 This function calls:
		Nothing
 This function is called by:
		_main
 This function uses a non-reentrant model


 *************** function _Lcd_Write_String *****************
 Defined at:
		line 101 in file "Lcd.c"
 Parameters:    Size  Location     Type
  a               1    wreg     PTR unsigned char 
		 -> STR_30(2), STR_27(2), STR_24(2), STR_23(2), 
		 -> STR_22(2), STR_21(2), STR_20(2), STR_19(2), 
		 -> STR_18(2), STR_17(2), STR_16(10), STR_15(10), 
		 -> STR_14(4), STR_13(4), STR_12(4), STR_11(4), 
		 -> STR_10(2), STR_9(7), STR_8(7), STR_7(7), 
		 -> STR_6(7), STR_5(7), STR_4(7), STR_3(7), 
		 -> STR_2(7), STR_1(7), 
 Auto vars:     Size  Location     Type
  a               1    9[COMMON] PTR unsigned char 
		 -> STR_30(2), STR_27(2), STR_24(2), STR_23(2), 
		 -> STR_22(2), STR_21(2), STR_20(2), STR_19(2), 
		 -> STR_18(2), STR_17(2), STR_16(10), STR_15(10), 
		 -> STR_14(4), STR_13(4), STR_12(4), STR_11(4), 
		 -> STR_10(2), STR_9(7), STR_8(7), STR_7(7), 
		 -> STR_6(7), STR_5(7), STR_4(7), STR_3(7), 
		 -> STR_2(7), STR_1(7), 
  i               2    7[COMMON] int 
 Return value:  Size  Location     Type
                  1    wreg      void 
 Registers used:
		wreg, fsr0l, fsr0h, status,2, status,0, pclath, cstack
 Tracked objects:
		On entry : 
		On exit  : 
		Unchanged: 
 Data sizes:     COMMON   BANK0   BANK1   BANK3   BANK2
      Params:         0       0       0       0       0
      Locals:         3       0       0       0       0
      Temps:          0       0       0       0       0
      Totals:         3       0       0       0       0
Total ram usage:        3 bytes
 Hardware stack levels used:    1
 Hardware stack levels required when called:    3
 This function calls:
		_Lcd_Write_Char
 This function is called by:
		_main
		_Lcd_Time
 This function uses a non-reentrant model


 *************** function _Lcd_Write_Char *****************
 Defined at:
		line 85 in file "Lcd.c"
 Parameters:    Size  Location     Type
  a               1    wreg     unsigned char 
 Auto vars:     Size  Location     Type
  a               1    6[COMMON] unsigned char 
  y               1    5[COMMON] unsigned char 
  temp            1    4[COMMON] unsigned char 
 Return value:  Size  Location     Type
                  1    wreg      void 
 Registers used:
		wreg, status,2, status,0, pclath, cstack
 Tracked objects:
		On entry : 
		On exit  : 
		Unchanged: 
 Data sizes:     COMMON   BANK0   BANK1   BANK3   BANK2
      Params:         0       0       0       0       0
      Locals:         3       0       0       0       0
      Temps:          1       0       0       0       0
      Totals:         4       0       0       0       0
Total ram usage:        4 bytes
 Hardware stack levels used:    1
 Hardware stack levels required when called:    2
 This function calls:
		_Lcd_Port
 This function is called by:
		_Lcd_Write_String
 This function uses a non-reentrant model


 *************** function _Lcd_Set_Cursor *****************
 Defined at:
		line 45 in file "Lcd.c"
 Parameters:    Size  Location     Type
  a               1    wreg     unsigned char 
  b               1    6[COMMON] unsigned char 
 Auto vars:     Size  Location     Type
  a               1    0[BANK0 ] unsigned char 
  temp            1    3[BANK0 ] unsigned char 
  y               1    2[BANK0 ] unsigned char 
  z               1    1[BANK0 ] unsigned char 
 Return value:  Size  Location     Type
                  1    wreg      void 
 Registers used:
		wreg, status,2, status,0, pclath, cstack
 Tracked objects:
		On entry : 
		On exit  : 
		Unchanged: 
 Data sizes:     COMMON   BANK0   BANK1   BANK3   BANK2
      Params:         1       0       0       0       0
      Locals:         0       4       0       0       0
      Temps:          2       0       0       0       0
      Totals:         3       4       0       0       0
Total ram usage:        7 bytes
 Hardware stack levels used:    1
 Hardware stack levels required when called:    3
 This function calls:
		_Lcd_Cmd
 This function is called by:
		_main
		_Lcd_Time
 This function uses a non-reentrant model


 *************** function _Lcd_Init *****************
 Defined at:
		line 66 in file "Lcd.c"
 Parameters:    Size  Location     Type
		None
 Auto vars:     Size  Location     Type
		None
 Return value:  Size  Location     Type
                  1    wreg      void 
 Registers used:
		wreg, status,2, status,0, pclath, cstack
 Tracked objects:
		On entry : 
		On exit  : 
		Unchanged: 
 Data sizes:     COMMON   BANK0   BANK1   BANK3   BANK2
      Params:         0       0       0       0       0
      Locals:         0       0       0       0       0
      Temps:          2       0       0       0       0
      Totals:         2       0       0       0       0
Total ram usage:        2 bytes
 Hardware stack levels used:    1
 Hardware stack levels required when called:    3
 This function calls:
		_Lcd_Cmd
		_Lcd_Port
 This function is called by:
		_main
 This function uses a non-reentrant model


 *************** function _Lcd_Cmd *****************
 Defined at:
		line 30 in file "Lcd.c"
 Parameters:    Size  Location     Type
  a               1    wreg     unsigned char 
 Auto vars:     Size  Location     Type
  a               1    5[COMMON] unsigned char 
 Return value:  Size  Location     Type
                  1    wreg      void 
 Registers used:
		wreg, status,2, status,0, pclath, cstack
 Tracked objects:
		On entry : 
		On exit  : 
		Unchanged: 
 Data sizes:     COMMON   BANK0   BANK1   BANK3   BANK2
      Params:         0       0       0       0       0
      Locals:         1       0       0       0       0
      Temps:          2       0       0       0       0
      Totals:         3       0       0       0       0
Total ram usage:        3 bytes
 Hardware stack levels used:    1
 Hardware stack levels required when called:    2
 This function calls:
		_Lcd_Port
 This function is called by:
		_Lcd_Set_Cursor
		_Lcd_Init
		_Lcd_Clear
		_Lcd_Shift_Right
		_Lcd_Shift_Left
 This function uses a non-reentrant model


 *************** function _Lcd_Port *****************
 Defined at:
		line 7 in file "Lcd.c"
 Parameters:    Size  Location     Type
  a               1    wreg     unsigned char 
 Auto vars:     Size  Location     Type
  a               1    2[COMMON] unsigned char 
 Return value:  Size  Location     Type
                  1    wreg      void 
 Registers used:
		wreg
 Tracked objects:
		On entry : 
		On exit  : 
		Unchanged: 
 Data sizes:     COMMON   BANK0   BANK1   BANK3   BANK2
      Params:         0       0       0       0       0
      Locals:         1       0       0       0       0
      Temps:          0       0       0       0       0
      Totals:         1       0       0       0       0
Total ram usage:        1 bytes
 Hardware stack levels used:    1
 Hardware stack levels required when called:    1
 This function calls:
		Nothing
 This function is called by:
		_Lcd_Cmd
		_Lcd_Init
		_Lcd_Write_Char
 This function uses a non-reentrant model


 *************** function _ADC_Read *****************
 Defined at:
		line 21 in file "Adc.c"
 Parameters:    Size  Location     Type
  channel         1    wreg     unsigned char 
 Auto vars:     Size  Location     Type
  channel         1    6[COMMON] unsigned char 
 Return value:  Size  Location     Type
                  2    2[COMMON] unsigned int 
 Registers used:
		wreg, status,2, status,0
 Tracked objects:
		On entry : 
		On exit  : 
		Unchanged: 
 Data sizes:     COMMON   BANK0   BANK1   BANK3   BANK2
      Params:         2       0       0       0       0
      Locals:         1       0       0       0       0
      Temps:          2       0       0       0       0
      Totals:         5       0       0       0       0
Total ram usage:        5 bytes
 Hardware stack levels used:    1
 Hardware stack levels required when called:    1
 This function calls:
		Nothing
 This function is called by:
		_main
		_Joystick
 This function uses a non-reentrant model


 *************** function _ADC_Initialize *****************
 Defined at:
		line 11 in file "Adc.c"
 Parameters:    Size  Location     Type
		None
 Auto vars:     Size  Location     Type
		None
 Return value:  Size  Location     Type
                  1    wreg      void 
 Registers used:
		wreg
 Tracked objects:
		On entry : 
		On exit  : 
		Unchanged: 
 Data sizes:     COMMON   BANK0   BANK1   BANK3   BANK2
      Params:         0       0       0       0       0
      Locals:         0       0       0       0       0
      Temps:          0       0       0       0       0
      Totals:         0       0       0       0       0
Total ram usage:        0 bytes
 Hardware stack levels used:    1
 Hardware stack levels required when called:    1
 This function calls:
		Nothing
 This function is called by:
		_main
 This function uses a non-reentrant model


 *************** function _ISR *****************
 Defined at:
		line 322 in file "Mainprj2.c"
 Parameters:    Size  Location     Type
		None
 Auto vars:     Size  Location     Type
		None
 Return value:  Size  Location     Type
                  1    wreg      void 
 Registers used:
		wreg, status,2, status,0
 Tracked objects:
		On entry : 
		On exit  : 
		Unchanged: 
 Data sizes:     COMMON   BANK0   BANK1   BANK3   BANK2
      Params:         0       0       0       0       0
      Locals:         0       0       0       0       0
      Temps:          2       0       0       0       0
      Totals:         2       0       0       0       0
Total ram usage:        2 bytes
 Hardware stack levels used:    1
 This function calls:
		Nothing
 This function is called by:
		Interrupt level 1
 This function uses a non-reentrant model



MODULE INFORMATION

Module		Function		Class		Link	Load	Size
Timer.c
		_TMR0_Unit     		CODE           	0B56	0000	18

Timer.c estimated size: 18

./Uart.h
		_UART_Init     		CODE           	0CFD	0000	221
		_UART_Write    		CODE           	07F1	0000	12

./Uart.h estimated size: 233

Adc.c
		_ADC_Initialize		CODE           	0B4D	0000	9
		_ADC_Read      		CODE           	0BE3	0000	43

Adc.c estimated size: 52

shared
		__stringtab    		STRING         	0800	0000	6
		__initialization		CODE           	000F	0000	19

shared estimated size: 25

C:\Program Files\Microchip\xc8\v2.30\pic\sources\c90\common\aldiv.c
		___aldiv       		CODE           	0754	0000	157

C:\Program Files\Microchip\xc8\v2.30\pic\sources\c90\common\aldiv.c estimated size: 157

Mainprj2.c
		_ISR           		CODE           	0B82	0000	27
		_main          		CODE           	0DDA	0000	2388

Mainprj2.c estimated size: 2415

Lcd.c
		_Lcd_Write_String		CODE           	0BBE	0000	37
		_Lcd_Init      		CODE           	0C9F	0000	94
		_Lcd_Write_Char		CODE           	0C0E	0000	57
		_Lcd_Cmd       		CODE           	0B68	0000	26
		_Lcd_Set_Cursor		CODE           	0C47	0000	88
		_Lcd_Port      		CODE           	0B9D	0000	33

Lcd.c estimated size: 335

